------------------------------------------------------------
Timing Analyzer Summary
------------------------------------------------------------

Type  : Slow 1200mV 85C Model Setup 'KEY[0]'
Slack : -1.168
TNS   : -13.093

Type  : Slow 1200mV 85C Model Hold 'KEY[0]'
Slack : 0.548
TNS   : 0.000

Type  : Slow 1200mV 85C Model Minimum Pulse Width 'KEY[0]'
Slack : -3.000
TNS   : -4.285

Type  : Slow 1200mV 85C Model Minimum Pulse Width 'key_state~reg0'
Slack : 0.449
TNS   : 0.000

Type  : Slow 1200mV 0C Model Setup 'KEY[0]'
Slack : -1.093
TNS   : -12.244

Type  : Slow 1200mV 0C Model Hold 'KEY[0]'
Slack : 0.591
TNS   : 0.000

Type  : Slow 1200mV 0C Model Minimum Pulse Width 'KEY[0]'
Slack : -3.000
TNS   : -4.285

Type  : Slow 1200mV 0C Model Minimum Pulse Width 'key_state~reg0'
Slack : 0.457
TNS   : 0.000

Type  : Fast 1200mV 0C Model Setup 'KEY[0]'
Slack : 0.071
TNS   : 0.000

Type  : Fast 1200mV 0C Model Hold 'KEY[0]'
Slack : 0.117
TNS   : 0.000

Type  : Fast 1200mV 0C Model Minimum Pulse Width 'KEY[0]'
Slack : -3.000
TNS   : -4.122

Type  : Fast 1200mV 0C Model Minimum Pulse Width 'key_state~reg0'
Slack : 0.429
TNS   : 0.000

------------------------------------------------------------
